// Jest Snapshot v1, https://goo.gl/fbAQLP

exports[`Searcher snapshot test 1`] = `
<div
  className="row justify-content-center"
>
  <div
    className="col-xs-12 col-sm-4 col-md-4"
  >
    <h5
      className="text-center"
    >
      Search Movies
    </h5>
    <form
      name="searcher"
      onSubmit={[Function]}
    >
      <div
        className="form-group"
      >
        <label
          className="sr-only"
          htmlFor="searcher"
        >
          Just type
        </label>
        <input
          className="form-control"
          id="searcher"
          name="searcher"
          onChange={[Function]}
          placeholder="Type..."
          type="text"
          value={undefined}
        />
      </div>
    </form>
  </div>
</div>
`;
