// Jest Snapshot v1, https://goo.gl/fbAQLP

exports[`MovieDetails snapshot test 1`] = `
<div>
  <RmHeader />
  <div
    className="movieDetails d-flex flex-column align-items-center justify-content-center"
  >
    <RmMovie />
  </div>
</div>
`;
